// Jest Snapshot v1, https://goo.gl/fbAQLP

exports[`create Component SHOULD RENDER COMPONENT CORRECTLY 1`] = `
ShallowWrapper {
  "length": 1,
  Symbol(enzyme.__root__): [Circular],
  Symbol(enzyme.__unrendered__): <Allevents
    getAllCenters={[Function]}
    getAllEvents={[Function]}
  />,
  Symbol(enzyme.__renderer__): Object {
    "batchedUpdates": [Function],
    "getNode": [Function],
    "render": [Function],
    "simulateEvent": [Function],
    "unmount": [Function],
  },
  Symbol(enzyme.__node__): Object {
    "instance": null,
    "key": undefined,
    "nodeType": "host",
    "props": Object {
      "children": Array [
        <Connect(Navbar) />,
        <div
          className="space"
        >
          <div
            className="container"
            style={
              Object {
                "marginTop": 99,
              }
            }
          >
            <h3
              className="font-weight-bold"
            >
              Welcome to Events Manager
            </h3>
            <div>
              <PopularEvents
                events={
                  Object {
                    "event": Array [],
                  }
                }
              />
              <PaginationBoxView
                activeClassName="active"
                breakClassName="page-link"
                breakLabel={
                  <a
                    href=""
                  >
                    ...
                  </a>
                }
                containerClassName="pagination pagination-lg custom-pagination"
                disableInitialCallback={false}
                disabledClassName="disabled"
                marginPagesDisplayed={3}
                nextClassName="page-item"
                nextLabel="Next"
                nextLinkClassName="page-link next"
                onPageChange={[Function]}
                pageClassName="page-item"
                pageCount={NaN}
                pageLinkClassName="page-link"
                pageRangeDisplayed={2}
                previousClassName="page-item"
                previousLabel="Previous"
                previousLinkClassName="page-link previous"
                subContainerClassName="pages pagination"
              />
            </div>
            <hr
              className="my-5"
            />
            <div>
              <TrendingCenter
                centers={
                  Object {
                    "center": Array [],
                  }
                }
              />
              <PaginationBoxView
                activeClassName="active"
                breakClassName="page-link"
                breakLabel={
                  <a
                    href=""
                  >
                    ...
                  </a>
                }
                containerClassName="pagination pagination-lg custom-pagination"
                disableInitialCallback={false}
                disabledClassName="disabled"
                marginPagesDisplayed={3}
                nextClassName="page-item"
                nextLabel="Next"
                nextLinkClassName="page-link"
                onPageChange={[Function]}
                pageClassName="page-item"
                pageCount={NaN}
                pageLinkClassName="page-link"
                pageRangeDisplayed={2}
                previousClassName="page-item"
                previousLabel="Previous"
                previousLinkClassName="page-link"
                subContainerClassName="pages pagination"
              />
            </div>
          </div>
          <Footer />
        </div>,
      ],
    },
    "ref": null,
    "rendered": Array [
      Object {
        "instance": null,
        "key": undefined,
        "nodeType": "class",
        "props": Object {},
        "ref": null,
        "rendered": null,
        "type": [Function],
      },
      Object {
        "instance": null,
        "key": undefined,
        "nodeType": "host",
        "props": Object {
          "children": Array [
            <div
              className="container"
              style={
                Object {
                  "marginTop": 99,
                }
              }
            >
              <h3
                className="font-weight-bold"
              >
                Welcome to Events Manager
              </h3>
              <div>
                <PopularEvents
                  events={
                    Object {
                      "event": Array [],
                    }
                  }
                />
                <PaginationBoxView
                  activeClassName="active"
                  breakClassName="page-link"
                  breakLabel={
                    <a
                      href=""
                    >
                      ...
                    </a>
                  }
                  containerClassName="pagination pagination-lg custom-pagination"
                  disableInitialCallback={false}
                  disabledClassName="disabled"
                  marginPagesDisplayed={3}
                  nextClassName="page-item"
                  nextLabel="Next"
                  nextLinkClassName="page-link next"
                  onPageChange={[Function]}
                  pageClassName="page-item"
                  pageCount={NaN}
                  pageLinkClassName="page-link"
                  pageRangeDisplayed={2}
                  previousClassName="page-item"
                  previousLabel="Previous"
                  previousLinkClassName="page-link previous"
                  subContainerClassName="pages pagination"
                />
              </div>
              <hr
                className="my-5"
              />
              <div>
                <TrendingCenter
                  centers={
                    Object {
                      "center": Array [],
                    }
                  }
                />
                <PaginationBoxView
                  activeClassName="active"
                  breakClassName="page-link"
                  breakLabel={
                    <a
                      href=""
                    >
                      ...
                    </a>
                  }
                  containerClassName="pagination pagination-lg custom-pagination"
                  disableInitialCallback={false}
                  disabledClassName="disabled"
                  marginPagesDisplayed={3}
                  nextClassName="page-item"
                  nextLabel="Next"
                  nextLinkClassName="page-link"
                  onPageChange={[Function]}
                  pageClassName="page-item"
                  pageCount={NaN}
                  pageLinkClassName="page-link"
                  pageRangeDisplayed={2}
                  previousClassName="page-item"
                  previousLabel="Previous"
                  previousLinkClassName="page-link"
                  subContainerClassName="pages pagination"
                />
              </div>
            </div>,
            <Footer />,
          ],
          "className": "space",
        },
        "ref": null,
        "rendered": Array [
          Object {
            "instance": null,
            "key": undefined,
            "nodeType": "host",
            "props": Object {
              "children": Array [
                <h3
                  className="font-weight-bold"
                >
                  Welcome to Events Manager
                </h3>,
                <div>
                  <PopularEvents
                    events={
                      Object {
                        "event": Array [],
                      }
                    }
                  />
                  <PaginationBoxView
                    activeClassName="active"
                    breakClassName="page-link"
                    breakLabel={
                      <a
                        href=""
                      >
                        ...
                      </a>
                    }
                    containerClassName="pagination pagination-lg custom-pagination"
                    disableInitialCallback={false}
                    disabledClassName="disabled"
                    marginPagesDisplayed={3}
                    nextClassName="page-item"
                    nextLabel="Next"
                    nextLinkClassName="page-link next"
                    onPageChange={[Function]}
                    pageClassName="page-item"
                    pageCount={NaN}
                    pageLinkClassName="page-link"
                    pageRangeDisplayed={2}
                    previousClassName="page-item"
                    previousLabel="Previous"
                    previousLinkClassName="page-link previous"
                    subContainerClassName="pages pagination"
                  />
                </div>,
                <hr
                  className="my-5"
                />,
                <div>
                  <TrendingCenter
                    centers={
                      Object {
                        "center": Array [],
                      }
                    }
                  />
                  <PaginationBoxView
                    activeClassName="active"
                    breakClassName="page-link"
                    breakLabel={
                      <a
                        href=""
                      >
                        ...
                      </a>
                    }
                    containerClassName="pagination pagination-lg custom-pagination"
                    disableInitialCallback={false}
                    disabledClassName="disabled"
                    marginPagesDisplayed={3}
                    nextClassName="page-item"
                    nextLabel="Next"
                    nextLinkClassName="page-link"
                    onPageChange={[Function]}
                    pageClassName="page-item"
                    pageCount={NaN}
                    pageLinkClassName="page-link"
                    pageRangeDisplayed={2}
                    previousClassName="page-item"
                    previousLabel="Previous"
                    previousLinkClassName="page-link"
                    subContainerClassName="pages pagination"
                  />
                </div>,
              ],
              "className": "container",
              "style": Object {
                "marginTop": 99,
              },
            },
            "ref": null,
            "rendered": Array [
              Object {
                "instance": null,
                "key": undefined,
                "nodeType": "host",
                "props": Object {
                  "children": "Welcome to Events Manager",
                  "className": "font-weight-bold",
                },
                "ref": null,
                "rendered": "Welcome to Events Manager",
                "type": "h3",
              },
              Object {
                "instance": null,
                "key": undefined,
                "nodeType": "host",
                "props": Object {
                  "children": Array [
                    <PopularEvents
                      events={
                        Object {
                          "event": Array [],
                        }
                      }
                    />,
                    <PaginationBoxView
                      activeClassName="active"
                      breakClassName="page-link"
                      breakLabel={
                        <a
                          href=""
                        >
                          ...
                        </a>
                      }
                      containerClassName="pagination pagination-lg custom-pagination"
                      disableInitialCallback={false}
                      disabledClassName="disabled"
                      marginPagesDisplayed={3}
                      nextClassName="page-item"
                      nextLabel="Next"
                      nextLinkClassName="page-link next"
                      onPageChange={[Function]}
                      pageClassName="page-item"
                      pageCount={NaN}
                      pageLinkClassName="page-link"
                      pageRangeDisplayed={2}
                      previousClassName="page-item"
                      previousLabel="Previous"
                      previousLinkClassName="page-link previous"
                      subContainerClassName="pages pagination"
                    />,
                  ],
                },
                "ref": null,
                "rendered": Array [
                  Object {
                    "instance": null,
                    "key": undefined,
                    "nodeType": "function",
                    "props": Object {
                      "events": Object {
                        "event": Array [],
                      },
                    },
                    "ref": null,
                    "rendered": null,
                    "type": [Function],
                  },
                  Object {
                    "instance": null,
                    "key": undefined,
                    "nodeType": "class",
                    "props": Object {
                      "activeClassName": "active",
                      "breakClassName": "page-link",
                      "breakLabel": <a
                        href=""
                      >
                        ...
                      </a>,
                      "containerClassName": "pagination pagination-lg custom-pagination",
                      "disableInitialCallback": false,
                      "disabledClassName": "disabled",
                      "marginPagesDisplayed": 3,
                      "nextClassName": "page-item",
                      "nextLabel": "Next",
                      "nextLinkClassName": "page-link next",
                      "onPageChange": [Function],
                      "pageClassName": "page-item",
                      "pageCount": NaN,
                      "pageLinkClassName": "page-link",
                      "pageRangeDisplayed": 2,
                      "previousClassName": "page-item",
                      "previousLabel": "Previous",
                      "previousLinkClassName": "page-link previous",
                      "subContainerClassName": "pages pagination",
                    },
                    "ref": null,
                    "rendered": null,
                    "type": [Function],
                  },
                ],
                "type": "div",
              },
              Object {
                "instance": null,
                "key": undefined,
                "nodeType": "host",
                "props": Object {
                  "className": "my-5",
                },
                "ref": null,
                "rendered": null,
                "type": "hr",
              },
              Object {
                "instance": null,
                "key": undefined,
                "nodeType": "host",
                "props": Object {
                  "children": Array [
                    <TrendingCenter
                      centers={
                        Object {
                          "center": Array [],
                        }
                      }
                    />,
                    <PaginationBoxView
                      activeClassName="active"
                      breakClassName="page-link"
                      breakLabel={
                        <a
                          href=""
                        >
                          ...
                        </a>
                      }
                      containerClassName="pagination pagination-lg custom-pagination"
                      disableInitialCallback={false}
                      disabledClassName="disabled"
                      marginPagesDisplayed={3}
                      nextClassName="page-item"
                      nextLabel="Next"
                      nextLinkClassName="page-link"
                      onPageChange={[Function]}
                      pageClassName="page-item"
                      pageCount={NaN}
                      pageLinkClassName="page-link"
                      pageRangeDisplayed={2}
                      previousClassName="page-item"
                      previousLabel="Previous"
                      previousLinkClassName="page-link"
                      subContainerClassName="pages pagination"
                    />,
                  ],
                },
                "ref": null,
                "rendered": Array [
                  Object {
                    "instance": null,
                    "key": undefined,
                    "nodeType": "function",
                    "props": Object {
                      "centers": Object {
                        "center": Array [],
                      },
                    },
                    "ref": null,
                    "rendered": null,
                    "type": [Function],
                  },
                  Object {
                    "instance": null,
                    "key": undefined,
                    "nodeType": "class",
                    "props": Object {
                      "activeClassName": "active",
                      "breakClassName": "page-link",
                      "breakLabel": <a
                        href=""
                      >
                        ...
                      </a>,
                      "containerClassName": "pagination pagination-lg custom-pagination",
                      "disableInitialCallback": false,
                      "disabledClassName": "disabled",
                      "marginPagesDisplayed": 3,
                      "nextClassName": "page-item",
                      "nextLabel": "Next",
                      "nextLinkClassName": "page-link",
                      "onPageChange": [Function],
                      "pageClassName": "page-item",
                      "pageCount": NaN,
                      "pageLinkClassName": "page-link",
                      "pageRangeDisplayed": 2,
                      "previousClassName": "page-item",
                      "previousLabel": "Previous",
                      "previousLinkClassName": "page-link",
                      "subContainerClassName": "pages pagination",
                    },
                    "ref": null,
                    "rendered": null,
                    "type": [Function],
                  },
                ],
                "type": "div",
              },
            ],
            "type": "div",
          },
          Object {
            "instance": null,
            "key": undefined,
            "nodeType": "function",
            "props": Object {},
            "ref": null,
            "rendered": null,
            "type": [Function],
          },
        ],
        "type": "div",
      },
    ],
    "type": "div",
  },
  Symbol(enzyme.__nodes__): Array [
    Object {
      "instance": null,
      "key": undefined,
      "nodeType": "host",
      "props": Object {
        "children": Array [
          <Connect(Navbar) />,
          <div
            className="space"
          >
            <div
              className="container"
              style={
                Object {
                  "marginTop": 99,
                }
              }
            >
              <h3
                className="font-weight-bold"
              >
                Welcome to Events Manager
              </h3>
              <div>
                <PopularEvents
                  events={
                    Object {
                      "event": Array [],
                    }
                  }
                />
                <PaginationBoxView
                  activeClassName="active"
                  breakClassName="page-link"
                  breakLabel={
                    <a
                      href=""
                    >
                      ...
                    </a>
                  }
                  containerClassName="pagination pagination-lg custom-pagination"
                  disableInitialCallback={false}
                  disabledClassName="disabled"
                  marginPagesDisplayed={3}
                  nextClassName="page-item"
                  nextLabel="Next"
                  nextLinkClassName="page-link next"
                  onPageChange={[Function]}
                  pageClassName="page-item"
                  pageCount={NaN}
                  pageLinkClassName="page-link"
                  pageRangeDisplayed={2}
                  previousClassName="page-item"
                  previousLabel="Previous"
                  previousLinkClassName="page-link previous"
                  subContainerClassName="pages pagination"
                />
              </div>
              <hr
                className="my-5"
              />
              <div>
                <TrendingCenter
                  centers={
                    Object {
                      "center": Array [],
                    }
                  }
                />
                <PaginationBoxView
                  activeClassName="active"
                  breakClassName="page-link"
                  breakLabel={
                    <a
                      href=""
                    >
                      ...
                    </a>
                  }
                  containerClassName="pagination pagination-lg custom-pagination"
                  disableInitialCallback={false}
                  disabledClassName="disabled"
                  marginPagesDisplayed={3}
                  nextClassName="page-item"
                  nextLabel="Next"
                  nextLinkClassName="page-link"
                  onPageChange={[Function]}
                  pageClassName="page-item"
                  pageCount={NaN}
                  pageLinkClassName="page-link"
                  pageRangeDisplayed={2}
                  previousClassName="page-item"
                  previousLabel="Previous"
                  previousLinkClassName="page-link"
                  subContainerClassName="pages pagination"
                />
              </div>
            </div>
            <Footer />
          </div>,
        ],
      },
      "ref": null,
      "rendered": Array [
        Object {
          "instance": null,
          "key": undefined,
          "nodeType": "class",
          "props": Object {},
          "ref": null,
          "rendered": null,
          "type": [Function],
        },
        Object {
          "instance": null,
          "key": undefined,
          "nodeType": "host",
          "props": Object {
            "children": Array [
              <div
                className="container"
                style={
                  Object {
                    "marginTop": 99,
                  }
                }
              >
                <h3
                  className="font-weight-bold"
                >
                  Welcome to Events Manager
                </h3>
                <div>
                  <PopularEvents
                    events={
                      Object {
                        "event": Array [],
                      }
                    }
                  />
                  <PaginationBoxView
                    activeClassName="active"
                    breakClassName="page-link"
                    breakLabel={
                      <a
                        href=""
                      >
                        ...
                      </a>
                    }
                    containerClassName="pagination pagination-lg custom-pagination"
                    disableInitialCallback={false}
                    disabledClassName="disabled"
                    marginPagesDisplayed={3}
                    nextClassName="page-item"
                    nextLabel="Next"
                    nextLinkClassName="page-link next"
                    onPageChange={[Function]}
                    pageClassName="page-item"
                    pageCount={NaN}
                    pageLinkClassName="page-link"
                    pageRangeDisplayed={2}
                    previousClassName="page-item"
                    previousLabel="Previous"
                    previousLinkClassName="page-link previous"
                    subContainerClassName="pages pagination"
                  />
                </div>
                <hr
                  className="my-5"
                />
                <div>
                  <TrendingCenter
                    centers={
                      Object {
                        "center": Array [],
                      }
                    }
                  />
                  <PaginationBoxView
                    activeClassName="active"
                    breakClassName="page-link"
                    breakLabel={
                      <a
                        href=""
                      >
                        ...
                      </a>
                    }
                    containerClassName="pagination pagination-lg custom-pagination"
                    disableInitialCallback={false}
                    disabledClassName="disabled"
                    marginPagesDisplayed={3}
                    nextClassName="page-item"
                    nextLabel="Next"
                    nextLinkClassName="page-link"
                    onPageChange={[Function]}
                    pageClassName="page-item"
                    pageCount={NaN}
                    pageLinkClassName="page-link"
                    pageRangeDisplayed={2}
                    previousClassName="page-item"
                    previousLabel="Previous"
                    previousLinkClassName="page-link"
                    subContainerClassName="pages pagination"
                  />
                </div>
              </div>,
              <Footer />,
            ],
            "className": "space",
          },
          "ref": null,
          "rendered": Array [
            Object {
              "instance": null,
              "key": undefined,
              "nodeType": "host",
              "props": Object {
                "children": Array [
                  <h3
                    className="font-weight-bold"
                  >
                    Welcome to Events Manager
                  </h3>,
                  <div>
                    <PopularEvents
                      events={
                        Object {
                          "event": Array [],
                        }
                      }
                    />
                    <PaginationBoxView
                      activeClassName="active"
                      breakClassName="page-link"
                      breakLabel={
                        <a
                          href=""
                        >
                          ...
                        </a>
                      }
                      containerClassName="pagination pagination-lg custom-pagination"
                      disableInitialCallback={false}
                      disabledClassName="disabled"
                      marginPagesDisplayed={3}
                      nextClassName="page-item"
                      nextLabel="Next"
                      nextLinkClassName="page-link next"
                      onPageChange={[Function]}
                      pageClassName="page-item"
                      pageCount={NaN}
                      pageLinkClassName="page-link"
                      pageRangeDisplayed={2}
                      previousClassName="page-item"
                      previousLabel="Previous"
                      previousLinkClassName="page-link previous"
                      subContainerClassName="pages pagination"
                    />
                  </div>,
                  <hr
                    className="my-5"
                  />,
                  <div>
                    <TrendingCenter
                      centers={
                        Object {
                          "center": Array [],
                        }
                      }
                    />
                    <PaginationBoxView
                      activeClassName="active"
                      breakClassName="page-link"
                      breakLabel={
                        <a
                          href=""
                        >
                          ...
                        </a>
                      }
                      containerClassName="pagination pagination-lg custom-pagination"
                      disableInitialCallback={false}
                      disabledClassName="disabled"
                      marginPagesDisplayed={3}
                      nextClassName="page-item"
                      nextLabel="Next"
                      nextLinkClassName="page-link"
                      onPageChange={[Function]}
                      pageClassName="page-item"
                      pageCount={NaN}
                      pageLinkClassName="page-link"
                      pageRangeDisplayed={2}
                      previousClassName="page-item"
                      previousLabel="Previous"
                      previousLinkClassName="page-link"
                      subContainerClassName="pages pagination"
                    />
                  </div>,
                ],
                "className": "container",
                "style": Object {
                  "marginTop": 99,
                },
              },
              "ref": null,
              "rendered": Array [
                Object {
                  "instance": null,
                  "key": undefined,
                  "nodeType": "host",
                  "props": Object {
                    "children": "Welcome to Events Manager",
                    "className": "font-weight-bold",
                  },
                  "ref": null,
                  "rendered": "Welcome to Events Manager",
                  "type": "h3",
                },
                Object {
                  "instance": null,
                  "key": undefined,
                  "nodeType": "host",
                  "props": Object {
                    "children": Array [
                      <PopularEvents
                        events={
                          Object {
                            "event": Array [],
                          }
                        }
                      />,
                      <PaginationBoxView
                        activeClassName="active"
                        breakClassName="page-link"
                        breakLabel={
                          <a
                            href=""
                          >
                            ...
                          </a>
                        }
                        containerClassName="pagination pagination-lg custom-pagination"
                        disableInitialCallback={false}
                        disabledClassName="disabled"
                        marginPagesDisplayed={3}
                        nextClassName="page-item"
                        nextLabel="Next"
                        nextLinkClassName="page-link next"
                        onPageChange={[Function]}
                        pageClassName="page-item"
                        pageCount={NaN}
                        pageLinkClassName="page-link"
                        pageRangeDisplayed={2}
                        previousClassName="page-item"
                        previousLabel="Previous"
                        previousLinkClassName="page-link previous"
                        subContainerClassName="pages pagination"
                      />,
                    ],
                  },
                  "ref": null,
                  "rendered": Array [
                    Object {
                      "instance": null,
                      "key": undefined,
                      "nodeType": "function",
                      "props": Object {
                        "events": Object {
                          "event": Array [],
                        },
                      },
                      "ref": null,
                      "rendered": null,
                      "type": [Function],
                    },
                    Object {
                      "instance": null,
                      "key": undefined,
                      "nodeType": "class",
                      "props": Object {
                        "activeClassName": "active",
                        "breakClassName": "page-link",
                        "breakLabel": <a
                          href=""
                        >
                          ...
                        </a>,
                        "containerClassName": "pagination pagination-lg custom-pagination",
                        "disableInitialCallback": false,
                        "disabledClassName": "disabled",
                        "marginPagesDisplayed": 3,
                        "nextClassName": "page-item",
                        "nextLabel": "Next",
                        "nextLinkClassName": "page-link next",
                        "onPageChange": [Function],
                        "pageClassName": "page-item",
                        "pageCount": NaN,
                        "pageLinkClassName": "page-link",
                        "pageRangeDisplayed": 2,
                        "previousClassName": "page-item",
                        "previousLabel": "Previous",
                        "previousLinkClassName": "page-link previous",
                        "subContainerClassName": "pages pagination",
                      },
                      "ref": null,
                      "rendered": null,
                      "type": [Function],
                    },
                  ],
                  "type": "div",
                },
                Object {
                  "instance": null,
                  "key": undefined,
                  "nodeType": "host",
                  "props": Object {
                    "className": "my-5",
                  },
                  "ref": null,
                  "rendered": null,
                  "type": "hr",
                },
                Object {
                  "instance": null,
                  "key": undefined,
                  "nodeType": "host",
                  "props": Object {
                    "children": Array [
                      <TrendingCenter
                        centers={
                          Object {
                            "center": Array [],
                          }
                        }
                      />,
                      <PaginationBoxView
                        activeClassName="active"
                        breakClassName="page-link"
                        breakLabel={
                          <a
                            href=""
                          >
                            ...
                          </a>
                        }
                        containerClassName="pagination pagination-lg custom-pagination"
                        disableInitialCallback={false}
                        disabledClassName="disabled"
                        marginPagesDisplayed={3}
                        nextClassName="page-item"
                        nextLabel="Next"
                        nextLinkClassName="page-link"
                        onPageChange={[Function]}
                        pageClassName="page-item"
                        pageCount={NaN}
                        pageLinkClassName="page-link"
                        pageRangeDisplayed={2}
                        previousClassName="page-item"
                        previousLabel="Previous"
                        previousLinkClassName="page-link"
                        subContainerClassName="pages pagination"
                      />,
                    ],
                  },
                  "ref": null,
                  "rendered": Array [
                    Object {
                      "instance": null,
                      "key": undefined,
                      "nodeType": "function",
                      "props": Object {
                        "centers": Object {
                          "center": Array [],
                        },
                      },
                      "ref": null,
                      "rendered": null,
                      "type": [Function],
                    },
                    Object {
                      "instance": null,
                      "key": undefined,
                      "nodeType": "class",
                      "props": Object {
                        "activeClassName": "active",
                        "breakClassName": "page-link",
                        "breakLabel": <a
                          href=""
                        >
                          ...
                        </a>,
                        "containerClassName": "pagination pagination-lg custom-pagination",
                        "disableInitialCallback": false,
                        "disabledClassName": "disabled",
                        "marginPagesDisplayed": 3,
                        "nextClassName": "page-item",
                        "nextLabel": "Next",
                        "nextLinkClassName": "page-link",
                        "onPageChange": [Function],
                        "pageClassName": "page-item",
                        "pageCount": NaN,
                        "pageLinkClassName": "page-link",
                        "pageRangeDisplayed": 2,
                        "previousClassName": "page-item",
                        "previousLabel": "Previous",
                        "previousLinkClassName": "page-link",
                        "subContainerClassName": "pages pagination",
                      },
                      "ref": null,
                      "rendered": null,
                      "type": [Function],
                    },
                  ],
                  "type": "div",
                },
              ],
              "type": "div",
            },
            Object {
              "instance": null,
              "key": undefined,
              "nodeType": "function",
              "props": Object {},
              "ref": null,
              "rendered": null,
              "type": [Function],
            },
          ],
          "type": "div",
        },
      ],
      "type": "div",
    },
  ],
  Symbol(enzyme.__options__): Object {
    "adapter": ReactSixteenAdapter {
      "options": Object {
        "enableComponentDidUpdateOnSetState": true,
      },
    },
  },
}
`;
