// Jest Snapshot v1, https://goo.gl/fbAQLP

exports[`create Component SHOULD RENDER COMPONENT CORRECTLY 1`] = `
ShallowWrapper {
  "length": 1,
  Symbol(enzyme.__root__): [Circular],
  Symbol(enzyme.__unrendered__): <Navbar />,
  Symbol(enzyme.__renderer__): Object {
    "batchedUpdates": [Function],
    "getNode": [Function],
    "render": [Function],
    "simulateEvent": [Function],
    "unmount": [Function],
  },
  Symbol(enzyme.__node__): Object {
    "instance": null,
    "key": undefined,
    "nodeType": "host",
    "props": Object {
      "children": <header
        className="header"
      >
        <nav
          className="navbar z-depth-2 mb-4 navbar-expand-lg navbar-dark fixed-top"
        >
          <div
            className="container"
          >
            <Link
              className="font-weight-bold navbar-brand"
              replace={false}
              to="/"
            >
              Events Manager
            </Link>
            <button
              aria-controls="navbarSupportedContent"
              aria-expanded="false"
              aria-label="Toggle navigation"
              className="navbar-toggler"
              data-target="#navbarSupportedContent"
              data-toggle="collapse"
              type="button"
            >
              <span
                className="navbar-toggler-icon"
              />
            </button>
            <div
              className="collapse navbar-collapse"
              id="navbarSupportedContent"
            >
              <ul
                className="navbar-nav mr-auto smooth-scroll"
              >
                <li
                  className="nav-item"
                >
                  <Link
                    className="font-weight-bold nav-link"
                    replace={false}
                    to="/"
                  >
                    Home
                  </Link>
                </li>
              </ul>
              <ul
                className="navbar-nav ml-auto nav-flex-icons"
              >
                <li
                  className="nav-item"
                >
                  <Link
                    className="font-weight-bold nav-link waves-effect waves-light-signup"
                    replace={false}
                    to="/signup"
                  >
                    Sign Up
                  </Link>
                </li>
                <li
                  className="nav-item"
                >
                  <Link
                    className="font-weight-bold nav-link waves-effect waves-light-signin"
                    replace={false}
                    to="/signin"
                  >
                    Sign In
                  </Link>
                </li>
              </ul>
            </div>
          </div>
        </nav>
      </header>,
    },
    "ref": null,
    "rendered": Object {
      "instance": null,
      "key": undefined,
      "nodeType": "host",
      "props": Object {
        "children": <nav
          className="navbar z-depth-2 mb-4 navbar-expand-lg navbar-dark fixed-top"
        >
          <div
            className="container"
          >
            <Link
              className="font-weight-bold navbar-brand"
              replace={false}
              to="/"
            >
              Events Manager
            </Link>
            <button
              aria-controls="navbarSupportedContent"
              aria-expanded="false"
              aria-label="Toggle navigation"
              className="navbar-toggler"
              data-target="#navbarSupportedContent"
              data-toggle="collapse"
              type="button"
            >
              <span
                className="navbar-toggler-icon"
              />
            </button>
            <div
              className="collapse navbar-collapse"
              id="navbarSupportedContent"
            >
              <ul
                className="navbar-nav mr-auto smooth-scroll"
              >
                <li
                  className="nav-item"
                >
                  <Link
                    className="font-weight-bold nav-link"
                    replace={false}
                    to="/"
                  >
                    Home
                  </Link>
                </li>
              </ul>
              <ul
                className="navbar-nav ml-auto nav-flex-icons"
              >
                <li
                  className="nav-item"
                >
                  <Link
                    className="font-weight-bold nav-link waves-effect waves-light-signup"
                    replace={false}
                    to="/signup"
                  >
                    Sign Up
                  </Link>
                </li>
                <li
                  className="nav-item"
                >
                  <Link
                    className="font-weight-bold nav-link waves-effect waves-light-signin"
                    replace={false}
                    to="/signin"
                  >
                    Sign In
                  </Link>
                </li>
              </ul>
            </div>
          </div>
        </nav>,
        "className": "header",
      },
      "ref": null,
      "rendered": Object {
        "instance": null,
        "key": undefined,
        "nodeType": "host",
        "props": Object {
          "children": <div
            className="container"
          >
            <Link
              className="font-weight-bold navbar-brand"
              replace={false}
              to="/"
            >
              Events Manager
            </Link>
            <button
              aria-controls="navbarSupportedContent"
              aria-expanded="false"
              aria-label="Toggle navigation"
              className="navbar-toggler"
              data-target="#navbarSupportedContent"
              data-toggle="collapse"
              type="button"
            >
              <span
                className="navbar-toggler-icon"
              />
            </button>
            <div
              className="collapse navbar-collapse"
              id="navbarSupportedContent"
            >
              <ul
                className="navbar-nav mr-auto smooth-scroll"
              >
                <li
                  className="nav-item"
                >
                  <Link
                    className="font-weight-bold nav-link"
                    replace={false}
                    to="/"
                  >
                    Home
                  </Link>
                </li>
              </ul>
              <ul
                className="navbar-nav ml-auto nav-flex-icons"
              >
                <li
                  className="nav-item"
                >
                  <Link
                    className="font-weight-bold nav-link waves-effect waves-light-signup"
                    replace={false}
                    to="/signup"
                  >
                    Sign Up
                  </Link>
                </li>
                <li
                  className="nav-item"
                >
                  <Link
                    className="font-weight-bold nav-link waves-effect waves-light-signin"
                    replace={false}
                    to="/signin"
                  >
                    Sign In
                  </Link>
                </li>
              </ul>
            </div>
          </div>,
          "className": "navbar z-depth-2 mb-4 navbar-expand-lg navbar-dark fixed-top",
        },
        "ref": null,
        "rendered": Object {
          "instance": null,
          "key": undefined,
          "nodeType": "host",
          "props": Object {
            "children": Array [
              <Link
                className="font-weight-bold navbar-brand"
                replace={false}
                to="/"
              >
                Events Manager
              </Link>,
              <button
                aria-controls="navbarSupportedContent"
                aria-expanded="false"
                aria-label="Toggle navigation"
                className="navbar-toggler"
                data-target="#navbarSupportedContent"
                data-toggle="collapse"
                type="button"
              >
                <span
                  className="navbar-toggler-icon"
                />
              </button>,
              <div
                className="collapse navbar-collapse"
                id="navbarSupportedContent"
              >
                <ul
                  className="navbar-nav mr-auto smooth-scroll"
                >
                  <li
                    className="nav-item"
                  >
                    <Link
                      className="font-weight-bold nav-link"
                      replace={false}
                      to="/"
                    >
                      Home
                    </Link>
                  </li>
                </ul>
                <ul
                  className="navbar-nav ml-auto nav-flex-icons"
                >
                  <li
                    className="nav-item"
                  >
                    <Link
                      className="font-weight-bold nav-link waves-effect waves-light-signup"
                      replace={false}
                      to="/signup"
                    >
                      Sign Up
                    </Link>
                  </li>
                  <li
                    className="nav-item"
                  >
                    <Link
                      className="font-weight-bold nav-link waves-effect waves-light-signin"
                      replace={false}
                      to="/signin"
                    >
                      Sign In
                    </Link>
                  </li>
                </ul>
              </div>,
            ],
            "className": "container",
          },
          "ref": null,
          "rendered": Array [
            Object {
              "instance": null,
              "key": undefined,
              "nodeType": "class",
              "props": Object {
                "children": "Events Manager",
                "className": "font-weight-bold navbar-brand",
                "replace": false,
                "to": "/",
              },
              "ref": null,
              "rendered": "Events Manager",
              "type": [Function],
            },
            Object {
              "instance": null,
              "key": undefined,
              "nodeType": "host",
              "props": Object {
                "aria-controls": "navbarSupportedContent",
                "aria-expanded": "false",
                "aria-label": "Toggle navigation",
                "children": <span
                  className="navbar-toggler-icon"
                />,
                "className": "navbar-toggler",
                "data-target": "#navbarSupportedContent",
                "data-toggle": "collapse",
                "type": "button",
              },
              "ref": null,
              "rendered": Object {
                "instance": null,
                "key": undefined,
                "nodeType": "host",
                "props": Object {
                  "className": "navbar-toggler-icon",
                },
                "ref": null,
                "rendered": null,
                "type": "span",
              },
              "type": "button",
            },
            Object {
              "instance": null,
              "key": undefined,
              "nodeType": "host",
              "props": Object {
                "children": Array [
                  <ul
                    className="navbar-nav mr-auto smooth-scroll"
                  >
                    <li
                      className="nav-item"
                    >
                      <Link
                        className="font-weight-bold nav-link"
                        replace={false}
                        to="/"
                      >
                        Home
                      </Link>
                    </li>
                  </ul>,
                  <ul
                    className="navbar-nav ml-auto nav-flex-icons"
                  >
                    <li
                      className="nav-item"
                    >
                      <Link
                        className="font-weight-bold nav-link waves-effect waves-light-signup"
                        replace={false}
                        to="/signup"
                      >
                        Sign Up
                      </Link>
                    </li>
                    <li
                      className="nav-item"
                    >
                      <Link
                        className="font-weight-bold nav-link waves-effect waves-light-signin"
                        replace={false}
                        to="/signin"
                      >
                        Sign In
                      </Link>
                    </li>
                  </ul>,
                ],
                "className": "collapse navbar-collapse",
                "id": "navbarSupportedContent",
              },
              "ref": null,
              "rendered": Array [
                Object {
                  "instance": null,
                  "key": undefined,
                  "nodeType": "host",
                  "props": Object {
                    "children": <li
                      className="nav-item"
                    >
                      <Link
                        className="font-weight-bold nav-link"
                        replace={false}
                        to="/"
                      >
                        Home
                      </Link>
                    </li>,
                    "className": "navbar-nav mr-auto smooth-scroll",
                  },
                  "ref": null,
                  "rendered": Object {
                    "instance": null,
                    "key": undefined,
                    "nodeType": "host",
                    "props": Object {
                      "children": <Link
                        className="font-weight-bold nav-link"
                        replace={false}
                        to="/"
                      >
                        Home
                      </Link>,
                      "className": "nav-item",
                    },
                    "ref": null,
                    "rendered": Object {
                      "instance": null,
                      "key": undefined,
                      "nodeType": "class",
                      "props": Object {
                        "children": "Home",
                        "className": "font-weight-bold nav-link",
                        "replace": false,
                        "to": "/",
                      },
                      "ref": null,
                      "rendered": "Home",
                      "type": [Function],
                    },
                    "type": "li",
                  },
                  "type": "ul",
                },
                Object {
                  "instance": null,
                  "key": undefined,
                  "nodeType": "host",
                  "props": Object {
                    "children": Array [
                      <li
                        className="nav-item"
                      >
                        <Link
                          className="font-weight-bold nav-link waves-effect waves-light-signup"
                          replace={false}
                          to="/signup"
                        >
                          Sign Up
                        </Link>
                      </li>,
                      <li
                        className="nav-item"
                      >
                        <Link
                          className="font-weight-bold nav-link waves-effect waves-light-signin"
                          replace={false}
                          to="/signin"
                        >
                          Sign In
                        </Link>
                      </li>,
                    ],
                    "className": "navbar-nav ml-auto nav-flex-icons",
                  },
                  "ref": null,
                  "rendered": Array [
                    Object {
                      "instance": null,
                      "key": undefined,
                      "nodeType": "host",
                      "props": Object {
                        "children": <Link
                          className="font-weight-bold nav-link waves-effect waves-light-signup"
                          replace={false}
                          to="/signup"
                        >
                          Sign Up
                        </Link>,
                        "className": "nav-item",
                      },
                      "ref": null,
                      "rendered": Object {
                        "instance": null,
                        "key": undefined,
                        "nodeType": "class",
                        "props": Object {
                          "children": "Sign Up",
                          "className": "font-weight-bold nav-link waves-effect waves-light-signup",
                          "replace": false,
                          "to": "/signup",
                        },
                        "ref": null,
                        "rendered": "Sign Up",
                        "type": [Function],
                      },
                      "type": "li",
                    },
                    Object {
                      "instance": null,
                      "key": undefined,
                      "nodeType": "host",
                      "props": Object {
                        "children": <Link
                          className="font-weight-bold nav-link waves-effect waves-light-signin"
                          replace={false}
                          to="/signin"
                        >
                          Sign In
                        </Link>,
                        "className": "nav-item",
                      },
                      "ref": null,
                      "rendered": Object {
                        "instance": null,
                        "key": undefined,
                        "nodeType": "class",
                        "props": Object {
                          "children": "Sign In",
                          "className": "font-weight-bold nav-link waves-effect waves-light-signin",
                          "replace": false,
                          "to": "/signin",
                        },
                        "ref": null,
                        "rendered": "Sign In",
                        "type": [Function],
                      },
                      "type": "li",
                    },
                  ],
                  "type": "ul",
                },
              ],
              "type": "div",
            },
          ],
          "type": "div",
        },
        "type": "nav",
      },
      "type": "header",
    },
    "type": "div",
  },
  Symbol(enzyme.__nodes__): Array [
    Object {
      "instance": null,
      "key": undefined,
      "nodeType": "host",
      "props": Object {
        "children": <header
          className="header"
        >
          <nav
            className="navbar z-depth-2 mb-4 navbar-expand-lg navbar-dark fixed-top"
          >
            <div
              className="container"
            >
              <Link
                className="font-weight-bold navbar-brand"
                replace={false}
                to="/"
              >
                Events Manager
              </Link>
              <button
                aria-controls="navbarSupportedContent"
                aria-expanded="false"
                aria-label="Toggle navigation"
                className="navbar-toggler"
                data-target="#navbarSupportedContent"
                data-toggle="collapse"
                type="button"
              >
                <span
                  className="navbar-toggler-icon"
                />
              </button>
              <div
                className="collapse navbar-collapse"
                id="navbarSupportedContent"
              >
                <ul
                  className="navbar-nav mr-auto smooth-scroll"
                >
                  <li
                    className="nav-item"
                  >
                    <Link
                      className="font-weight-bold nav-link"
                      replace={false}
                      to="/"
                    >
                      Home
                    </Link>
                  </li>
                </ul>
                <ul
                  className="navbar-nav ml-auto nav-flex-icons"
                >
                  <li
                    className="nav-item"
                  >
                    <Link
                      className="font-weight-bold nav-link waves-effect waves-light-signup"
                      replace={false}
                      to="/signup"
                    >
                      Sign Up
                    </Link>
                  </li>
                  <li
                    className="nav-item"
                  >
                    <Link
                      className="font-weight-bold nav-link waves-effect waves-light-signin"
                      replace={false}
                      to="/signin"
                    >
                      Sign In
                    </Link>
                  </li>
                </ul>
              </div>
            </div>
          </nav>
        </header>,
      },
      "ref": null,
      "rendered": Object {
        "instance": null,
        "key": undefined,
        "nodeType": "host",
        "props": Object {
          "children": <nav
            className="navbar z-depth-2 mb-4 navbar-expand-lg navbar-dark fixed-top"
          >
            <div
              className="container"
            >
              <Link
                className="font-weight-bold navbar-brand"
                replace={false}
                to="/"
              >
                Events Manager
              </Link>
              <button
                aria-controls="navbarSupportedContent"
                aria-expanded="false"
                aria-label="Toggle navigation"
                className="navbar-toggler"
                data-target="#navbarSupportedContent"
                data-toggle="collapse"
                type="button"
              >
                <span
                  className="navbar-toggler-icon"
                />
              </button>
              <div
                className="collapse navbar-collapse"
                id="navbarSupportedContent"
              >
                <ul
                  className="navbar-nav mr-auto smooth-scroll"
                >
                  <li
                    className="nav-item"
                  >
                    <Link
                      className="font-weight-bold nav-link"
                      replace={false}
                      to="/"
                    >
                      Home
                    </Link>
                  </li>
                </ul>
                <ul
                  className="navbar-nav ml-auto nav-flex-icons"
                >
                  <li
                    className="nav-item"
                  >
                    <Link
                      className="font-weight-bold nav-link waves-effect waves-light-signup"
                      replace={false}
                      to="/signup"
                    >
                      Sign Up
                    </Link>
                  </li>
                  <li
                    className="nav-item"
                  >
                    <Link
                      className="font-weight-bold nav-link waves-effect waves-light-signin"
                      replace={false}
                      to="/signin"
                    >
                      Sign In
                    </Link>
                  </li>
                </ul>
              </div>
            </div>
          </nav>,
          "className": "header",
        },
        "ref": null,
        "rendered": Object {
          "instance": null,
          "key": undefined,
          "nodeType": "host",
          "props": Object {
            "children": <div
              className="container"
            >
              <Link
                className="font-weight-bold navbar-brand"
                replace={false}
                to="/"
              >
                Events Manager
              </Link>
              <button
                aria-controls="navbarSupportedContent"
                aria-expanded="false"
                aria-label="Toggle navigation"
                className="navbar-toggler"
                data-target="#navbarSupportedContent"
                data-toggle="collapse"
                type="button"
              >
                <span
                  className="navbar-toggler-icon"
                />
              </button>
              <div
                className="collapse navbar-collapse"
                id="navbarSupportedContent"
              >
                <ul
                  className="navbar-nav mr-auto smooth-scroll"
                >
                  <li
                    className="nav-item"
                  >
                    <Link
                      className="font-weight-bold nav-link"
                      replace={false}
                      to="/"
                    >
                      Home
                    </Link>
                  </li>
                </ul>
                <ul
                  className="navbar-nav ml-auto nav-flex-icons"
                >
                  <li
                    className="nav-item"
                  >
                    <Link
                      className="font-weight-bold nav-link waves-effect waves-light-signup"
                      replace={false}
                      to="/signup"
                    >
                      Sign Up
                    </Link>
                  </li>
                  <li
                    className="nav-item"
                  >
                    <Link
                      className="font-weight-bold nav-link waves-effect waves-light-signin"
                      replace={false}
                      to="/signin"
                    >
                      Sign In
                    </Link>
                  </li>
                </ul>
              </div>
            </div>,
            "className": "navbar z-depth-2 mb-4 navbar-expand-lg navbar-dark fixed-top",
          },
          "ref": null,
          "rendered": Object {
            "instance": null,
            "key": undefined,
            "nodeType": "host",
            "props": Object {
              "children": Array [
                <Link
                  className="font-weight-bold navbar-brand"
                  replace={false}
                  to="/"
                >
                  Events Manager
                </Link>,
                <button
                  aria-controls="navbarSupportedContent"
                  aria-expanded="false"
                  aria-label="Toggle navigation"
                  className="navbar-toggler"
                  data-target="#navbarSupportedContent"
                  data-toggle="collapse"
                  type="button"
                >
                  <span
                    className="navbar-toggler-icon"
                  />
                </button>,
                <div
                  className="collapse navbar-collapse"
                  id="navbarSupportedContent"
                >
                  <ul
                    className="navbar-nav mr-auto smooth-scroll"
                  >
                    <li
                      className="nav-item"
                    >
                      <Link
                        className="font-weight-bold nav-link"
                        replace={false}
                        to="/"
                      >
                        Home
                      </Link>
                    </li>
                  </ul>
                  <ul
                    className="navbar-nav ml-auto nav-flex-icons"
                  >
                    <li
                      className="nav-item"
                    >
                      <Link
                        className="font-weight-bold nav-link waves-effect waves-light-signup"
                        replace={false}
                        to="/signup"
                      >
                        Sign Up
                      </Link>
                    </li>
                    <li
                      className="nav-item"
                    >
                      <Link
                        className="font-weight-bold nav-link waves-effect waves-light-signin"
                        replace={false}
                        to="/signin"
                      >
                        Sign In
                      </Link>
                    </li>
                  </ul>
                </div>,
              ],
              "className": "container",
            },
            "ref": null,
            "rendered": Array [
              Object {
                "instance": null,
                "key": undefined,
                "nodeType": "class",
                "props": Object {
                  "children": "Events Manager",
                  "className": "font-weight-bold navbar-brand",
                  "replace": false,
                  "to": "/",
                },
                "ref": null,
                "rendered": "Events Manager",
                "type": [Function],
              },
              Object {
                "instance": null,
                "key": undefined,
                "nodeType": "host",
                "props": Object {
                  "aria-controls": "navbarSupportedContent",
                  "aria-expanded": "false",
                  "aria-label": "Toggle navigation",
                  "children": <span
                    className="navbar-toggler-icon"
                  />,
                  "className": "navbar-toggler",
                  "data-target": "#navbarSupportedContent",
                  "data-toggle": "collapse",
                  "type": "button",
                },
                "ref": null,
                "rendered": Object {
                  "instance": null,
                  "key": undefined,
                  "nodeType": "host",
                  "props": Object {
                    "className": "navbar-toggler-icon",
                  },
                  "ref": null,
                  "rendered": null,
                  "type": "span",
                },
                "type": "button",
              },
              Object {
                "instance": null,
                "key": undefined,
                "nodeType": "host",
                "props": Object {
                  "children": Array [
                    <ul
                      className="navbar-nav mr-auto smooth-scroll"
                    >
                      <li
                        className="nav-item"
                      >
                        <Link
                          className="font-weight-bold nav-link"
                          replace={false}
                          to="/"
                        >
                          Home
                        </Link>
                      </li>
                    </ul>,
                    <ul
                      className="navbar-nav ml-auto nav-flex-icons"
                    >
                      <li
                        className="nav-item"
                      >
                        <Link
                          className="font-weight-bold nav-link waves-effect waves-light-signup"
                          replace={false}
                          to="/signup"
                        >
                          Sign Up
                        </Link>
                      </li>
                      <li
                        className="nav-item"
                      >
                        <Link
                          className="font-weight-bold nav-link waves-effect waves-light-signin"
                          replace={false}
                          to="/signin"
                        >
                          Sign In
                        </Link>
                      </li>
                    </ul>,
                  ],
                  "className": "collapse navbar-collapse",
                  "id": "navbarSupportedContent",
                },
                "ref": null,
                "rendered": Array [
                  Object {
                    "instance": null,
                    "key": undefined,
                    "nodeType": "host",
                    "props": Object {
                      "children": <li
                        className="nav-item"
                      >
                        <Link
                          className="font-weight-bold nav-link"
                          replace={false}
                          to="/"
                        >
                          Home
                        </Link>
                      </li>,
                      "className": "navbar-nav mr-auto smooth-scroll",
                    },
                    "ref": null,
                    "rendered": Object {
                      "instance": null,
                      "key": undefined,
                      "nodeType": "host",
                      "props": Object {
                        "children": <Link
                          className="font-weight-bold nav-link"
                          replace={false}
                          to="/"
                        >
                          Home
                        </Link>,
                        "className": "nav-item",
                      },
                      "ref": null,
                      "rendered": Object {
                        "instance": null,
                        "key": undefined,
                        "nodeType": "class",
                        "props": Object {
                          "children": "Home",
                          "className": "font-weight-bold nav-link",
                          "replace": false,
                          "to": "/",
                        },
                        "ref": null,
                        "rendered": "Home",
                        "type": [Function],
                      },
                      "type": "li",
                    },
                    "type": "ul",
                  },
                  Object {
                    "instance": null,
                    "key": undefined,
                    "nodeType": "host",
                    "props": Object {
                      "children": Array [
                        <li
                          className="nav-item"
                        >
                          <Link
                            className="font-weight-bold nav-link waves-effect waves-light-signup"
                            replace={false}
                            to="/signup"
                          >
                            Sign Up
                          </Link>
                        </li>,
                        <li
                          className="nav-item"
                        >
                          <Link
                            className="font-weight-bold nav-link waves-effect waves-light-signin"
                            replace={false}
                            to="/signin"
                          >
                            Sign In
                          </Link>
                        </li>,
                      ],
                      "className": "navbar-nav ml-auto nav-flex-icons",
                    },
                    "ref": null,
                    "rendered": Array [
                      Object {
                        "instance": null,
                        "key": undefined,
                        "nodeType": "host",
                        "props": Object {
                          "children": <Link
                            className="font-weight-bold nav-link waves-effect waves-light-signup"
                            replace={false}
                            to="/signup"
                          >
                            Sign Up
                          </Link>,
                          "className": "nav-item",
                        },
                        "ref": null,
                        "rendered": Object {
                          "instance": null,
                          "key": undefined,
                          "nodeType": "class",
                          "props": Object {
                            "children": "Sign Up",
                            "className": "font-weight-bold nav-link waves-effect waves-light-signup",
                            "replace": false,
                            "to": "/signup",
                          },
                          "ref": null,
                          "rendered": "Sign Up",
                          "type": [Function],
                        },
                        "type": "li",
                      },
                      Object {
                        "instance": null,
                        "key": undefined,
                        "nodeType": "host",
                        "props": Object {
                          "children": <Link
                            className="font-weight-bold nav-link waves-effect waves-light-signin"
                            replace={false}
                            to="/signin"
                          >
                            Sign In
                          </Link>,
                          "className": "nav-item",
                        },
                        "ref": null,
                        "rendered": Object {
                          "instance": null,
                          "key": undefined,
                          "nodeType": "class",
                          "props": Object {
                            "children": "Sign In",
                            "className": "font-weight-bold nav-link waves-effect waves-light-signin",
                            "replace": false,
                            "to": "/signin",
                          },
                          "ref": null,
                          "rendered": "Sign In",
                          "type": [Function],
                        },
                        "type": "li",
                      },
                    ],
                    "type": "ul",
                  },
                ],
                "type": "div",
              },
            ],
            "type": "div",
          },
          "type": "nav",
        },
        "type": "header",
      },
      "type": "div",
    },
  ],
  Symbol(enzyme.__options__): Object {
    "adapter": ReactSixteenAdapter {
      "options": Object {
        "enableComponentDidUpdateOnSetState": true,
      },
    },
  },
}
`;
